a = {1, 13}	size 64	length 14
b = {1, 13}	size 128	length 14
a == b true == true
hashCode() a 24d0 b 24d0

a = {0, 1, 66}	size 128	length 67
a.clone() = {0, 1, 66}	size 128	length 67
b = {1, 2, 63}	size 64	length 64
b.clone() = {1, 2, 63}	size 64	length 64

c = {}	size 0	length 0
a == b false == false

a or b = {0, 1, 2, 63, 66}	size 128	length 67
clone() = {0, 1, 2, 63, 66}	size 128	length 67
{} or d = {0, 1, 2, 63, 66}	size 128	length 67
d == d.clone() true == true

a and b = {1}	size 128	length 2
clone() = {1}	size 128	length 2
{} or d = {1}	size 64	length 2
d == d.clone() true == true

a xor b = {0, 2, 63, 66}	size 128	length 67
clone() = {0, 2, 63, 66}	size 128	length 67
{} or d = {0, 2, 63, 66}	size 128	length 67
d == d.clone() true == true

a andNot b =  = {0, 66}	size 128	length 67
clone() = {0, 66}	size 128	length 67
{} or d = {0, 66}	size 128	length 67
d == d.clone() true == true

