Starting burford...
Starting feeders...
Feeders completed...
burford awakened -- result = 100
