Caught java.lang.ThreadDeath
Caught java.lang.ThreadDeath
Caught java.lang.ThreadDeath
