Load returned class -Hello-
Trying to create new instance
Hello World
Trying same file under different name
Duplicate name
Trying file with wrong name
Wrong name
Now second load attempt for a
Duplicate name
Done.
