valid floating-point number PASS
valid floating-point number PASS
