findSystemClass initializes me.
staticMethod invoked.
