[0]:  Success
[10]:  Success
[11]:  Success
[12]:  Success
[13]:  Success
[14]:  Success
[15]:  Success
[16]:  Success
[17]:  Success
[18]:  Success
[19]:  Success
[1]:  Success
[20]:  Success
[21]:  Success
[22]:  Success
[23]:  Success
[24]:  Success
[25]:  Success
[26]:  Success
[27]:  Success
[28]:  Success
[29]:  Success
[2]:  Success
[30]:  Success
[31]:  Success
[32]:  Success
[33]:  Success
[34]:  Success
[35]:  Success
[36]:  Success
[37]:  Success
[38]:  Success
[39]:  Success
[3]:  Success
[40]:  Success
[41]:  Success
[42]:  Success
[43]:  Success
[44]:  Success
[4]:  Success
[5]:  Success
[6]:  Success
[7]:  Success
[8]:  Success
[9]:  Success
