Exception caught: java.lang.InstantiationException: Illegalif
