0
1
2
3
4
5
Catch
java.lang.ArrayIndexOutOfBoundsException
	at IndexTest.main(IndexTest.java:7)
