m is public void MethodBug.m()
m is public void MethodBug.m()
c is public MethodBug()
c is public MethodBug()
