-1111123 % -1123 = -476
-1123 % -1111123 = -1123
11123 % -123 = 53
-123 % 11123 = -123
-1111123 % 1123 = -476
1123 % -1111123 = 1123
-9223372036854775808 % -1 = 0
-1 % -9223372036854775808 = -1
