tan java.lang.NoClassDefFoundError: Base
m2 a base
t2 a base
