java.lang.ClassNotFoundException: this_class_does_not_exist
