java.lang.NullPointerException
	at StackDump.f(8)
	at StackDump.f(8)
	at StackDump.f(8)
	at StackDump.f(8)
	at StackDump.f(8)
	at StackDump.f(8)
	at StackDump.f(8)
	at StackDump.f(8)
	at StackDump.f(8)
	at StackDump.f(8)
	at StackDump.f(8)
	at StackDump.main(14)
