Test 1: Stop a thread that's blocked on itself
Target (BlockThread) running...
 Locked ...
 Success. Target is dead.
 Sleeping while still holding on to target
 Releasing target lock
 Handling my own: java.lang.ThreadDeath
 Am I alive? Answer: false
Test 2: Stop a thread that's blocked in a monitor
Target (MonitorThread) running...
 Success. Target is dead.
Test 3: Stop a thread that's running
Target (RunThread) running...
 Success. Target is dead.
Test 4: Stop a thread that's done
 Success. Target is dead.
Test 6: Have a thread stop itself
 Success. Target is dead.
All tests completed
